
				<div class="purchaser_name tec-tickets__admin-table-attendees-purchaser-name">
					<span class="row-title">Test Purchaser</span>
				</div>
				<div class="purchaser_email tec-tickets__admin-table-attendees-purchaser-email">
					#{{cloned_attendee_id}} &mdash;
					<a class="tec-tickets__admin-table-attendees-purchaser-email-link" href="mailto:{{attendee_email}}">{{attendee_email}}</a>
				</div>
			<div class="row-actions"><span class="trash"><a href="?action=delete_attendee&#038;nonce=1234567890&#038;attendee={{cloned_attendee_id}}|TECTicketsCommerceModule">Delete</a></span></div>


				<div class="purchaser_name tec-tickets__admin-table-attendees-purchaser-name">
					<span class="row-title">Test Purchaser</span>
				</div>
				<div class="purchaser_email tec-tickets__admin-table-attendees-purchaser-email">
					#{{series_pass_attendee_id}} &mdash;
					<a class="tec-tickets__admin-table-attendees-purchaser-email-link" href="mailto:{{attendee_email}}">{{attendee_email}}</a>
				</div>
			<div class="row-actions"><span class="trash"><a href="?action=delete_attendee&#038;nonce=1234567890&#038;attendee={{series_pass_attendee_id}}|TECTicketsCommerceModule">Delete</a></span></div>