<input type="hidden" id="_wpnonce" name="_wpnonce" value="1234567890" /><input type="hidden" name="_wp_http_referer" value="" />	<div class="tablenav top">

				<div class="alignleft actions bulkactions">
					</div>
			<div class='tablenav-pages one-page'><span class="displaying-num">4 items</span>
<span class='pagination-links'><span class="tablenav-pages-navspan button disabled" aria-hidden="true">&laquo;</span>
<span class="tablenav-pages-navspan button disabled" aria-hidden="true">&lsaquo;</span>
<span class="paging-input"><label for="current-page-selector" class="screen-reader-text">Current Page</label><input class='current-page' id='current-page-selector' type='text'
					name='paged' value='1' size='1' aria-describedby='table-paging' /><span class='tablenav-paging-text'> of <span class='total-pages'>1</span></span></span>
<span class="tablenav-pages-navspan button disabled" aria-hidden="true">&rsaquo;</span>
<span class="tablenav-pages-navspan button disabled" aria-hidden="true">&raquo;</span></span></div>
		<br class="clear" />
	</div>
		<table class="wp-list-table widefat striped attendees tribe-attendees">
			<thead>
	<tr>
		<td  id='cb' class='manage-column column-cb check-column'  ><input id="cb-select-all-1" type="checkbox" />
			<label for="cb-select-all-1"><span class="screen-reader-text">Select All</span></label></td><th scope="col" id='primary_info' class='manage-column column-primary_info column-primary'  >Attendee Information</th><th scope="col" id='ticket' class='manage-column column-ticket sortable desc'  ><a href="http://wordpress.test?orderby=id&#038;order=asc"><span>Ticket</span><span class="sorting-indicators"><span class="sorting-indicator asc" aria-hidden="true"></span><span class="sorting-indicator desc" aria-hidden="true"></span></span> <span class="screen-reader-text">Sort ascending.</span></a></th><th scope="col" id='security' class='manage-column column-security sortable desc'  ><a href="http://wordpress.test?orderby=security_code&#038;order=asc"><span>Security Code</span><span class="sorting-indicators"><span class="sorting-indicator asc" aria-hidden="true"></span><span class="sorting-indicator desc" aria-hidden="true"></span></span> <span class="screen-reader-text">Sort ascending.</span></a></th><th scope="col" id='status' class='manage-column column-status'  >Status</th>	</tr>
	</thead>

	<tbody id="the-list"
		 data-wp-lists='list:attendee'		>
		<tr class="yes" data-ticket-type="default"><th scope="row" class="check-column"><input type="checkbox" name="attendee[]" value="POST_ID|Tribe__Tickets__RSVP" /></th><td class='primary_info column-primary_info has-row-actions column-primary' data-colname="Attendee Information">
				<div class="purchaser_name tec-tickets__admin-table-attendees-purchaser-name">
					<span class="row-title">ATTENDEE_DATA</span>
				</div>
				<div class="purchaser_email tec-tickets__admin-table-attendees-purchaser-email">
					#POST_ID &mdash;
					<a class="tec-tickets__admin-table-attendees-purchaser-email-link" href="mailto:ATTENDEE_DATA">ATTENDEE_DATA</a>
				</div>
			<button type="button" class="toggle-row"><span class="screen-reader-text">Show more details</span></button></td><td class='ticket column-ticket' data-colname="Ticket">		<div class="tec-tickets__admin-table-attendees-ticket-name event-tickets-ticket-name">
			Test RSVP ticket for POST_ID		</div>

		</td><td class='security column-security' data-colname="Security Code">ATTENDEE_DATA</td><td class='status column-status' data-colname="Status"><div class="tec-tickets__admin-table-attendees-order-status-wrapper"><span class="tec-tickets__admin-table-attendees-order-status tec-tickets__admin-table-attendees-order-status--yes">Going</span></div></td></tr><tr class="yes" data-ticket-type="default"><th scope="row" class="check-column"><input type="checkbox" name="attendee[]" value="POST_ID|Tribe__Tickets__RSVP" /></th><td class='primary_info column-primary_info has-row-actions column-primary' data-colname="Attendee Information">
				<div class="purchaser_name tec-tickets__admin-table-attendees-purchaser-name">
					<span class="row-title">ATTENDEE_DATA</span>
				</div>
				<div class="purchaser_email tec-tickets__admin-table-attendees-purchaser-email">
					#POST_ID &mdash;
					<a class="tec-tickets__admin-table-attendees-purchaser-email-link" href="mailto:ATTENDEE_DATA">ATTENDEE_DATA</a>
				</div>
			<button type="button" class="toggle-row"><span class="screen-reader-text">Show more details</span></button></td><td class='ticket column-ticket' data-colname="Ticket">		<div class="tec-tickets__admin-table-attendees-ticket-name event-tickets-ticket-name">
			Test RSVP ticket for POST_ID		</div>

		</td><td class='security column-security' data-colname="Security Code">ATTENDEE_DATA</td><td class='status column-status' data-colname="Status"><div class="tec-tickets__admin-table-attendees-order-status-wrapper"><span class="tec-tickets__admin-table-attendees-order-status tec-tickets__admin-table-attendees-order-status--yes">Going</span></div></td></tr><tr class="completed" data-ticket-type="default"><th scope="row" class="check-column"><input type="checkbox" name="attendee[]" value="POST_ID|Tribe__Tickets__Commerce__PayPal__Main" /></th><td class='primary_info column-primary_info has-row-actions column-primary' data-colname="Attendee Information">
				<div class="purchaser_name tec-tickets__admin-table-attendees-purchaser-name">
					<span class="row-title">ATTENDEE_DATA</span>
				</div>
				<div class="purchaser_email tec-tickets__admin-table-attendees-purchaser-email">
					#POST_ID &mdash;
					<a class="tec-tickets__admin-table-attendees-purchaser-email-link" href="mailto:ATTENDEE_DATA">ATTENDEE_DATA</a>
				</div>
			<button type="button" class="toggle-row"><span class="screen-reader-text">Show more details</span></button></td><td class='ticket column-ticket' data-colname="Ticket">		<div class="tec-tickets__admin-table-attendees-ticket-name event-tickets-ticket-name">
			Test PayPal ticket for POST_ID		</div>

		</td><td class='security column-security' data-colname="Security Code">ATTENDEE_DATA</td><td class='status column-status' data-colname="Status"><div class="tec-tickets__admin-table-attendees-order-status-wrapper"><span class="tec-tickets__admin-table-attendees-order-status tec-tickets__admin-table-attendees-order-status--completed">Completed</span></div></td></tr><tr class="completed" data-ticket-type="default"><th scope="row" class="check-column"><input type="checkbox" name="attendee[]" value="POST_ID|Tribe__Tickets__Commerce__PayPal__Main" /></th><td class='primary_info column-primary_info has-row-actions column-primary' data-colname="Attendee Information">
				<div class="purchaser_name tec-tickets__admin-table-attendees-purchaser-name">
					<span class="row-title">ATTENDEE_DATA</span>
				</div>
				<div class="purchaser_email tec-tickets__admin-table-attendees-purchaser-email">
					#POST_ID &mdash;
					<a class="tec-tickets__admin-table-attendees-purchaser-email-link" href="mailto:ATTENDEE_DATA">ATTENDEE_DATA</a>
				</div>
			<button type="button" class="toggle-row"><span class="screen-reader-text">Show more details</span></button></td><td class='ticket column-ticket' data-colname="Ticket">		<div class="tec-tickets__admin-table-attendees-ticket-name event-tickets-ticket-name">
			Test PayPal ticket for POST_ID		</div>

		</td><td class='security column-security' data-colname="Security Code">ATTENDEE_DATA</td><td class='status column-status' data-colname="Status"><div class="tec-tickets__admin-table-attendees-order-status-wrapper"><span class="tec-tickets__admin-table-attendees-order-status tec-tickets__admin-table-attendees-order-status--completed">Completed</span></div></td></tr>	</tbody>

	<tfoot>
	<tr>
		<td   class='manage-column column-cb check-column'  ><input id="cb-select-all-2" type="checkbox" />
			<label for="cb-select-all-2"><span class="screen-reader-text">Select All</span></label></td><th scope="col"  class='manage-column column-primary_info column-primary'  >Attendee Information</th><th scope="col"  class='manage-column column-ticket sortable desc'  ><a href="http://wordpress.test?orderby=id&#038;order=asc"><span>Ticket</span><span class="sorting-indicators"><span class="sorting-indicator asc" aria-hidden="true"></span><span class="sorting-indicator desc" aria-hidden="true"></span></span> <span class="screen-reader-text">Sort ascending.</span></a></th><th scope="col"  class='manage-column column-security sortable desc'  ><a href="http://wordpress.test?orderby=security_code&#038;order=asc"><span>Security Code</span><span class="sorting-indicators"><span class="sorting-indicator asc" aria-hidden="true"></span><span class="sorting-indicator desc" aria-hidden="true"></span></span> <span class="screen-reader-text">Sort ascending.</span></a></th><th scope="col"  class='manage-column column-status'  >Status</th>	</tr>
	</tfoot>

</table>
			<div class="tablenav bottom">

				<div class="alignleft actions bulkactions">
					</div>
			<div class='tablenav-pages one-page'><span class="displaying-num">4 items</span>
<span class='pagination-links'><span class="tablenav-pages-navspan button disabled" aria-hidden="true">&laquo;</span>
<span class="tablenav-pages-navspan button disabled" aria-hidden="true">&lsaquo;</span>
<span class="screen-reader-text">Current Page</span><span id="table-paging" class="paging-input"><span class="tablenav-paging-text">1 of <span class='total-pages'>1</span></span></span>
<span class="tablenav-pages-navspan button disabled" aria-hidden="true">&rsaquo;</span>
<span class="tablenav-pages-navspan button disabled" aria-hidden="true">&raquo;</span></span></div>
		<br class="clear" />
	</div>
		