		<div class="tec-tickets-commerce-single-order--breadcrumb--order--edit">
			<a href="edit.php?post_type=tec_tc_order"><span class="dashicons dashicons-arrow-left-alt2"></span> Orders</a>
		</div>