[
    {
        "ID": 2,
        "name": "BBB Ticket 1",
        "description": "AAA Ticket description 1",
        "show_description": true,
        "price": "100",
        "capacity": 100,
        "regular_price": "100",
        "on_sale": false,
        "admin_link": "",
        "report_link": null,
        "frontend_link": null,
        "provider_class": "TEC\\Tickets\\Commerce\\Module",
        "sku": "TEST-TKT-1",
        "iac": "none",
        "price_suffix": null,
        "menu_order": -1,
        "start_date": "2030-01-02",
        "start_time": "08:00:00",
        "end_date": "2040-03-01",
        "end_time": "20:00:00",
        "purchase_limit": null
    },
    {
        "ID": 1,
        "name": "AAA Ticket 0",
        "description": "AAA Ticket description 0",
        "show_description": true,
        "price": "50",
        "capacity": 100,
        "regular_price": "50",
        "on_sale": false,
        "admin_link": "",
        "report_link": null,
        "frontend_link": null,
        "provider_class": "TEC\\Tickets\\Commerce\\Module",
        "sku": "TEST-TKT-0",
        "iac": "none",
        "price_suffix": null,
        "menu_order": -1,
        "start_date": "2020-01-02",
        "start_time": "08:00:00",
        "end_date": "2050-03-01",
        "end_time": "20:00:00",
        "purchase_limit": null
    },
    {
        "ID": 3,
        "name": "CCC Ticket 2",
        "description": "AAA Ticket description 2",
        "show_description": true,
        "price": "25",
        "capacity": 100,
        "regular_price": "25",
        "on_sale": false,
        "admin_link": "",
        "report_link": null,
        "frontend_link": null,
        "provider_class": "TEC\\Tickets\\Commerce\\Module",
        "sku": "TEST-TKT-2",
        "iac": "none",
        "price_suffix": null,
        "menu_order": -1,
        "start_date": "2010-01-02",
        "start_time": "08:00:00",
        "end_date": "2060-03-01",
        "end_time": "20:00:00",
        "purchase_limit": null
    }
]