<div  class="wrap tec-tickets__admin-all-tickets" >
	<h1>
	All Tickets</h1>
<form id="tec-tickets-all-tickets-form" method="get">
	<input type="hidden" id="_wpnonce" name="_wpnonce" value="ec8ac7662c" /><input type="hidden" name="_wp_http_referer" value="" />	<div class="tablenav top">

		<div class='tablenav-pages no-pages'><span class="displaying-num">0 items</span>
<span class='pagination-links'><span class="tablenav-pages-navspan button disabled" aria-hidden="true">&laquo;</span>
<span class="tablenav-pages-navspan button disabled" aria-hidden="true">&lsaquo;</span>
<span class="paging-input"><label for="current-page-selector" class="screen-reader-text">Current Page</label><input class='current-page' id='current-page-selector' type='text'
					name='paged' value='1' size='1' aria-describedby='table-paging' /><span class='tablenav-paging-text'> of <span class='total-pages'>0</span></span></span>
<a class='next-page button' href='http://wordpress.test?paged=0'><span class='screen-reader-text'>Next page</span><span aria-hidden='true'>&rsaquo;</span></a>
<a class='last-page button' href='http://wordpress.test?paged=0'><span class='screen-reader-text'>Last page</span><span aria-hidden='true'>&raquo;</span></a></span></div>
		<br class="clear" />
	</div>
		<table class="wp-list-table widefat fixed striped table-view-list tickets">
			<thead>
	<tr>
		<th scope="col" id='name' class='manage-column column-name column-primary sortable asc'  ><a href="http://wordpress.test?orderby=name&#038;order=desc"><span>Ticket Name</span><span class="sorting-indicators"><span class="sorting-indicator asc" aria-hidden="true"></span><span class="sorting-indicator desc" aria-hidden="true"></span></span> <span class="screen-reader-text">Sort descending.</span></a></th><th scope="col" id='id' class='manage-column column-id hidden sortable asc'  ><a href="http://wordpress.test?orderby=id&#038;order=desc"><span>Ticket ID</span><span class="sorting-indicators"><span class="sorting-indicator asc" aria-hidden="true"></span><span class="sorting-indicator desc" aria-hidden="true"></span></span> <span class="screen-reader-text">Sort descending.</span></a></th><th scope="col" id='event' class='manage-column column-event'  >Event</th><th scope="col" id='start' class='manage-column column-start hidden sortable asc'  ><a href="http://wordpress.test?orderby=start&#038;order=desc"><span>Sale Starts</span><span class="sorting-indicators"><span class="sorting-indicator asc" aria-hidden="true"></span><span class="sorting-indicator desc" aria-hidden="true"></span></span> <span class="screen-reader-text">Sort descending.</span></a></th><th scope="col" id='end' class='manage-column column-end sortable asc'  ><a href="http://wordpress.test?orderby=end&#038;order=desc"><span>Sale Ends</span><span class="sorting-indicators"><span class="sorting-indicator asc" aria-hidden="true"></span><span class="sorting-indicator desc" aria-hidden="true"></span></span> <span class="screen-reader-text">Sort descending.</span></a></th><th scope="col" id='days_left' class='manage-column column-days_left hidden sortable asc'  ><a href="http://wordpress.test?orderby=days_left&#038;order=desc"><span>Days Remaining</span><span class="sorting-indicators"><span class="sorting-indicator asc" aria-hidden="true"></span><span class="sorting-indicator desc" aria-hidden="true"></span></span> <span class="screen-reader-text">Sort descending.</span></a></th><th scope="col" id='price' class='manage-column column-price sortable asc'  ><a href="http://wordpress.test?orderby=price&#038;order=desc"><span>Price</span><span class="sorting-indicators"><span class="sorting-indicator asc" aria-hidden="true"></span><span class="sorting-indicator desc" aria-hidden="true"></span></span> <span class="screen-reader-text">Sort descending.</span></a></th><th scope="col" id='sold' class='manage-column column-sold sortable asc'  ><a href="http://wordpress.test?orderby=sold&#038;order=desc"><span>Sold</span><span class="sorting-indicators"><span class="sorting-indicator asc" aria-hidden="true"></span><span class="sorting-indicator desc" aria-hidden="true"></span></span> <span class="screen-reader-text">Sort descending.</span></a></th><th scope="col" id='remaining' class='manage-column column-remaining sortable asc'  ><a href="http://wordpress.test?orderby=remaining&#038;order=desc"><span>Remaining</span><span class="sorting-indicators"><span class="sorting-indicator asc" aria-hidden="true"></span><span class="sorting-indicator desc" aria-hidden="true"></span></span> <span class="screen-reader-text">Sort descending.</span></a></th><th scope="col" id='sales' class='manage-column column-sales hidden sortable asc'  ><a href="http://wordpress.test?orderby=sales&#038;order=desc"><span>Sales</span><span class="sorting-indicators"><span class="sorting-indicator asc" aria-hidden="true"></span><span class="sorting-indicator desc" aria-hidden="true"></span></span> <span class="screen-reader-text">Sort descending.</span></a></th>	</tr>
	</thead>

	<tbody id="the-list"
		 data-wp-lists='list:ticket'		>
		<tr class="no-items"><td class="colspanchange" colspan="6">No items found.</td></tr>	</tbody>

	<tfoot>
	<tr>
		<th scope="col"  class='manage-column column-name column-primary sortable asc'  ><a href="http://wordpress.test?orderby=name&#038;order=desc"><span>Ticket Name</span><span class="sorting-indicators"><span class="sorting-indicator asc" aria-hidden="true"></span><span class="sorting-indicator desc" aria-hidden="true"></span></span> <span class="screen-reader-text">Sort descending.</span></a></th><th scope="col"  class='manage-column column-id hidden sortable asc'  ><a href="http://wordpress.test?orderby=id&#038;order=desc"><span>Ticket ID</span><span class="sorting-indicators"><span class="sorting-indicator asc" aria-hidden="true"></span><span class="sorting-indicator desc" aria-hidden="true"></span></span> <span class="screen-reader-text">Sort descending.</span></a></th><th scope="col"  class='manage-column column-event'  >Event</th><th scope="col"  class='manage-column column-start hidden sortable asc'  ><a href="http://wordpress.test?orderby=start&#038;order=desc"><span>Sale Starts</span><span class="sorting-indicators"><span class="sorting-indicator asc" aria-hidden="true"></span><span class="sorting-indicator desc" aria-hidden="true"></span></span> <span class="screen-reader-text">Sort descending.</span></a></th><th scope="col"  class='manage-column column-end sortable asc'  ><a href="http://wordpress.test?orderby=end&#038;order=desc"><span>Sale Ends</span><span class="sorting-indicators"><span class="sorting-indicator asc" aria-hidden="true"></span><span class="sorting-indicator desc" aria-hidden="true"></span></span> <span class="screen-reader-text">Sort descending.</span></a></th><th scope="col"  class='manage-column column-days_left hidden sortable asc'  ><a href="http://wordpress.test?orderby=days_left&#038;order=desc"><span>Days Remaining</span><span class="sorting-indicators"><span class="sorting-indicator asc" aria-hidden="true"></span><span class="sorting-indicator desc" aria-hidden="true"></span></span> <span class="screen-reader-text">Sort descending.</span></a></th><th scope="col"  class='manage-column column-price sortable asc'  ><a href="http://wordpress.test?orderby=price&#038;order=desc"><span>Price</span><span class="sorting-indicators"><span class="sorting-indicator asc" aria-hidden="true"></span><span class="sorting-indicator desc" aria-hidden="true"></span></span> <span class="screen-reader-text">Sort descending.</span></a></th><th scope="col"  class='manage-column column-sold sortable asc'  ><a href="http://wordpress.test?orderby=sold&#038;order=desc"><span>Sold</span><span class="sorting-indicators"><span class="sorting-indicator asc" aria-hidden="true"></span><span class="sorting-indicator desc" aria-hidden="true"></span></span> <span class="screen-reader-text">Sort descending.</span></a></th><th scope="col"  class='manage-column column-remaining sortable asc'  ><a href="http://wordpress.test?orderby=remaining&#038;order=desc"><span>Remaining</span><span class="sorting-indicators"><span class="sorting-indicator asc" aria-hidden="true"></span><span class="sorting-indicator desc" aria-hidden="true"></span></span> <span class="screen-reader-text">Sort descending.</span></a></th><th scope="col"  class='manage-column column-sales hidden sortable asc'  ><a href="http://wordpress.test?orderby=sales&#038;order=desc"><span>Sales</span><span class="sorting-indicators"><span class="sorting-indicator asc" aria-hidden="true"></span><span class="sorting-indicator desc" aria-hidden="true"></span></span> <span class="screen-reader-text">Sort descending.</span></a></th>	</tr>
	</tfoot>

</table>
			<div class="tablenav bottom">

		<div class='tablenav-pages no-pages'><span class="displaying-num">0 items</span>
<span class='pagination-links'><span class="tablenav-pages-navspan button disabled" aria-hidden="true">&laquo;</span>
<span class="tablenav-pages-navspan button disabled" aria-hidden="true">&lsaquo;</span>
<span class="screen-reader-text">Current Page</span><span id="table-paging" class="paging-input"><span class="tablenav-paging-text">1 of <span class='total-pages'>0</span></span></span>
<a class='next-page button' href='http://wordpress.test?paged=0'><span class='screen-reader-text'>Next page</span><span aria-hidden='true'>&rsaquo;</span></a>
<a class='last-page button' href='http://wordpress.test?paged=0'><span class='screen-reader-text'>Last page</span><span aria-hidden='true'>&raquo;</span></a></span></div>
		<br class="clear" />
	</div>
		</form>
</div>
