<div class="tribe-tickets__commerce-checkout-cart-item-price">
	
<span class="tec-tickets-price amount">
	&#x24;0.45</span>
</div>
